[jaxtoday.org/signup/index.html]
[backblue.gif]
[fade.gif]
[index.html]
[jaxtoday.org/wp-includes/css/dist/block-library/style.min.css]
[jaxtoday.org/wp-content/themes/pro/framework/dist/css/site/stacks/integrity-light097f.css]
[jaxtoday.org/wp-content/themes/pro-child-jaxtoday/style097f.css]
[jaxtoday.org/wp-content/themes/pro/cornerstone/assets/fonts/fa-solid-900e63c.woff2]
[use.fontawesome.com/releases/v5.15.4/css/allb95e.css]
[jaxtoday.org/wp-content/themes/pro/cornerstone/assets/fonts/fa-regular-400e63c.woff2]
[jaxtoday.org/wp-content/themes/pro/cornerstone/assets/fonts/fa-solid-900e63c.ttf]
[jaxtoday.org/wp-content/themes/pro/cornerstone/assets/fonts/fa-light-300e63c.woff2]
[jaxtoday.org/wp-content/themes/pro/cornerstone/assets/fonts/fa-brands-400e63c.woff2]
[jaxtoday.org/wp-content/themes/pro/cornerstone/assets/fonts/fa-light-300e63c.ttf]
[jaxtoday.org/wp-content/themes/pro/cornerstone/assets/fonts/fa-regular-400e63c.ttf]
[jaxtoday.org/wp-content/themes/pro/cornerstone/assets/fonts/fa-brands-400e63c.ttf]
[jaxtoday.org/wp-includes/js/jquery/jquery.minf43b.js]
[jaxtoday.org/wp-includes/js/jquery/jquery-migrate.min5589.js]
[jaxtoday.org/wp-includes/js/jquery/ui/core.minb37e.js]
[jaxtoday.org/wp-includes/js/jquery/ui/datepicker.minb37e.js]
[jaxtoday.org/wp-includes/js/jquery/ui/mouse.minb37e.js]
[jaxtoday.org/wp-includes/js/jquery/ui/slider.minb37e.js]
[jaxtoday.org/wp-includes/js/clipboard.min3c89.js]
[jaxtoday.org/wp-includes/js/plupload/moxie.mine34c.js]
[jaxtoday.org/wp-includes/js/plupload/plupload.min6c17.js]
[jaxtoday.org/wp-includes/js/underscore.min3ab8.js]
[jaxtoday.org/wp-includes/js/dist/dom-ready.min5346.js]
[jaxtoday.org/wp-includes/js/dist/hooks.min4fdd.js]
[jaxtoday.org/wp-includes/js/dist/i18n.minc33c.js]
[jaxtoday.org/wp-includes/js/dist/a11y.min3f73.js]
[jaxtoday.org/wp-includes/js/plupload/handlers.min.js]
[jaxtoday.org/wp-content/plugins/duracelltomi-google-tag-manager/dist/js/analytics-talk-content-trackinge8cf.js]
[jaxtoday.org/wp-content/uploads/2021/10/cropped-Sitelogo-Letters-32x32.png]
[jaxtoday.org/wp-content/uploads/2021/10/cropped-Sitelogo-Letters-192x192.png]
[jaxtoday.org/wp-content/uploads/2021/10/cropped-Sitelogo-Letters-180x180.png]
[jaxtoday.org/wp-content/uploads/2022/09/jax_today-logo_2022_circle-horizontal-no_url-color.png]
[unpkg.com/tachyons@4.12.0/css/tachyons.min.css]
[jaxtoday.org/wp-content/plugins/wpforms/assets/images/submit-spin.svg]
[jaxtoday.org/wp-content/uploads/2022/02/Mobile-Device-Hero-Image.png]
[jaxtoday.org/wp-content/uploads/2022/03/local-news-phone.png]
[jaxtoday.org/wp-content/uploads/2022/03/heads-up-phone.png]
[jaxtoday.org/wp-content/uploads/2022/03/conversation-phone.png]
[jaxtoday.org/wp-content/uploads/2022/03/perspectives-phone.png]
[jaxtoday.org/wp-content/uploads/2022/03/arts-picks-phone.png]
[jaxtoday.org/wp-content/uploads/2022/03/photo-essays-phone.png]
[jaxtoday.org/wp-content/plugins/wpforms/assets/css/frontend/modern/wpforms-full.minc849.css]
[jaxtoday.org/wp-content/plugins/wpforms/assets/pro/css/frontend/modern/wpforms-full.minc849.css]
[jaxtoday.org/wp-content/themes/pro/cornerstone/assets/js/site/cs-classic.7.5.1454ae.js]
[jaxtoday.org/wp-content/plugins/duracelltomi-google-tag-manager/dist/js/gtm4wp-form-move-trackere8cf.js]
[jaxtoday.org/wp-content/themes/pro/framework/dist/js/site/x097f.js]
[jaxtoday.org/wp-includes/js/comment-reply.min.js]
[jaxtoday.org/wp-content/plugins/wpforms-user-journey/assets/js/wpforms-user-journey.min6f3e.js]
[jaxtoday.org/wp-content/themes/pro/cornerstone/assets/js/site/cs-sliders.7.5.1454ae.js]
[jaxtoday.org/wp-content/plugins/optinmonster/assets/dist/js/helper.minbeb1.js]
[jaxtoday.org/wp-content/plugins/wpforms/assets/lib/jquery.validate.min3c17.js]
[jaxtoday.org/wp-content/plugins/wpforms/assets/lib/jquery.inputmask.mind6ea.js]
[jaxtoday.org/wp-content/plugins/wpforms/assets/lib/mailcheck.mincfa9.js]
[jaxtoday.org/wp-content/plugins/wpforms/assets/lib/punycode.min8a54.js]
[jaxtoday.org/wp-content/plugins/wpforms/assets/js/share/utils.minc849.js]
[jaxtoday.org/wp-content/plugins/wpforms/assets/js/frontend/wpforms.minc849.js]
[jaxtoday.org/wp-content/plugins/wpforms/assets/js/frontend/wpforms-modern.minc849.js]
[jaxtoday.org/signup/index.html]
[jaxtoday.org/wp-includes/css/dist/block-library/style.min.css]
[jaxtoday.org/wp-content/themes/pro/framework/img/global/btn-circle-top-small.png]
[jaxtoday.org/wp-content/themes/pro/framework/img/global/btn-circle-bottom-small.png]
[jaxtoday.org/wp-content/themes/pro/framework/img/global/ilightbox-preloader-light.gif]
[jaxtoday.org/wp-content/themes/pro/framework/img/global/ilightbox-thumb-overlay-play-light.png]
[jaxtoday.org/wp-content/themes/pro/framework/dist/css/site/stacks/integrity-light097f.css]
[jaxtoday.org/wp-content/themes/pro-child-jaxtoday/style097f.css]
[use.fontawesome.com/releases/v5.15.4/css/allb95e.css]
[jaxtoday.org/wp-includes/js/jquery/jquery.minf43b.js]
[jaxtoday.org/wp-includes/js/jquery/jquery-migrate.min5589.js]
[jaxtoday.org/wp-includes/js/jquery/ui/core.minb37e.js]
[jaxtoday.org/wp-includes/js/jquery/ui/datepicker.minb37e.js]
[jaxtoday.org/wp-includes/js/jquery/ui/mouse.minb37e.js]
[jaxtoday.org/wp-includes/js/jquery/ui/slider.minb37e.js]
[jaxtoday.org/wp-includes/js/clipboard.min3c89.js]
[jaxtoday.org/wp-includes/js/plupload/moxie.mine34c.js]
[jaxtoday.org/wp-includes/js/plupload/plupload.min6c17.js]
[jaxtoday.org/wp-includes/js/underscore.min3ab8.js]
[jaxtoday.org/wp-includes/js/dist/dom-ready.min5346.js]
[jaxtoday.org/wp-includes/js/dist/hooks.min4fdd.js]
[jaxtoday.org/wp-includes/js/dist/i18n.minc33c.js]
[jaxtoday.org/wp-includes/js/dist/a11y.min3f73.js]
[jaxtoday.org/wp-includes/js/plupload/handlers.min.js]
[jaxtoday.org/wp-content/plugins/duracelltomi-google-tag-manager/dist/js/analytics-talk-content-trackinge8cf.js]
[unpkg.com/tachyons@4.12.0/css/tachyons.min.css]
[jaxtoday.org/wp-content/plugins/wpforms/assets/images/submit-spin.svg]
[jaxtoday.org/wp-content/plugins/wpforms/assets/css/frontend/modern/wpforms-full.minc849.css]
[jaxtoday.org/wp-content/plugins/wpforms/assets/pro/images/times-solid-white.svg]
[jaxtoday.org/wp-content/plugins/wpforms/assets/pro/css/frontend/modern/wpforms-full.minc849.css]
[jaxtoday.org/wp-content/themes/pro/cornerstone/assets/js/site/cs-classic.7.5.1454ae.js]
[jaxtoday.org/wp-content/plugins/duracelltomi-google-tag-manager/dist/js/gtm4wp-form-move-trackere8cf.js]
[jaxtoday.org/wp-content/themes/pro/framework/dist/js/site/x097f.js]
[jaxtoday.org/wp-includes/js/comment-reply.min.js]
[jaxtoday.org/wp-content/plugins/wpforms-user-journey/assets/js/wpforms-user-journey.min6f3e.js]
[jaxtoday.org/wp-content/themes/pro/cornerstone/assets/js/site/cs-sliders.7.5.1454ae.js]
[jaxtoday.org/wp-content/plugins/optinmonster/assets/dist/js/helper.minbeb1.js]
[jaxtoday.org/wp-content/plugins/wpforms/assets/lib/jquery.validate.min3c17.js]
[jaxtoday.org/wp-content/plugins/wpforms/assets/lib/jquery.inputmask.mind6ea.js]
[jaxtoday.org/wp-content/plugins/wpforms/assets/lib/mailcheck.mincfa9.js]
[jaxtoday.org/wp-content/plugins/wpforms/assets/lib/punycode.min8a54.js]
[jaxtoday.org/wp-content/plugins/wpforms/assets/js/share/utils.minc849.js]
[jaxtoday.org/wp-content/plugins/wpforms/assets/js/frontend/wpforms.minc849.js]
[jaxtoday.org/wp-content/plugins/wpforms/assets/js/frontend/wpforms-modern.minc849.js]
[jaxtoday.org/wp-content/plugins/wpforms/assets/pro/images/times-solid-white.svg]
